// Jest Snapshot v1, https://goo.gl/fbAQLP

exports[`VUserSearchForm should renders the component 1`] = `
<form style="display: flex; justify-content: center;">
  <el-input-stub value="" type="text" autocomplete="off" validateevent="true" placeholder="Pesquise o usuÃ¡rio" class="search-form__input" style="width: 50vw;">
    <el-button-stub type="default" icon="el-icon-search" nativetype="submit" class="search-form__button"></el-button-stub>
  </el-input-stub>
</form>
`;
